:jigpieces
:reset
:horiz-flip
+----------+----------+----------+----------+----------+----------+----------+----------+
|xxxxxxxxxx|xxxxxxxxxx|xxxxH.xxxx|xxxx..xxxx|xxxx..xxxx|xxxxxxxxxx|xxxx..xxxx|xxx...xxxx|
|xx.....Xxx|xxx.....Xx|x...H....x|x........x|x........x|x........x|xxx....xxx|xxx...xxxx|
|x........x|xx.......X|x$..H....x|x....m..$x|xH...m..$x|X$..m.....|xx......Xx|xx.....xxx|
|x$.O.....x|x.$H..m...|xXXXXXx..x|..xxxx..xx|xHx..xXXXx|xxxxxx....|..........|..........|
|xXxxX....x|x.xHxxX...|x.....x..x|.$..x....x|xH.......x|...O......|......$...|..........|
|xXxx.....x|x..H......|x.....x..x|XX..x....x|xH.......x|Xxx.....xX|XXXx..xXXX|..$....m..|
|xX....m..x|x..H......|x.....xIIx|xIIlxIIIIx|xH...IIIxx|xxx.....xx|xxxx..xxxx|xxx...xxxx|
|xx...xxxxx|xxxx..xxxx|xIIIIIxxxx|xxxxxxxxxx|xxx..xxxxx|xxxxIIIxxx|xxxxIIxxxx|xxx...xxxx|
+----------+----------+----------+----------+----------+----------+----------+----------+
|xxxxxxxxxx|xxxxxxxxxx|xxx....xxx|xxx....xxx|xxx....xxx|xxxxxxxxxx|xxx....xxx|xxx..H.xxx|
|x.....xxxx|x....$xx..|x.....H..x|x........x|x$..H....x|.XXxxxX...|xXX.$....x|x....H...x|
|x.......xx|x...Ixx...|x.m...H.$x|....m...$x|xX..H.m..x|...xxX....|..........|.....H....|
|x$.m.....x|x..Ixx....|xxXxxxHXxx|..xXXXX.Xx|xm..Hxxxxx|.....x....|..m.......|..$.......|
|xxxxxx...x|x.Ixx.....|x.....H..x|.........x|xXxxH....x|....mo....|xxXx...Xxx|..I.I.I.I.|
|xxxx.....x|x.xx......|x........x|.........x|x...H...xx|..XxxxxX..|xxx.....xx|..........|
|xxx....$.x|x........x|xxI.XX.Ixx|xIIXXIIIIx|x...H....x|xXxxxxxxXx|xxxIIIIIxx|x........x|
|xxx....xxx|xxx....xxx|xxxIxxIxxx|xxxxxxxxxx|xxx.H..xxx|xxxxxxxxxx|xxxxxxxxxx|xxx....xxx|
+----------+----------+----------+----------+----------+----------+----------+----------+
|xxxxxxxxxx|xxxxxxxxxx|xxx....xxx|xxx....xxx|xxx....xxx|xxxxxxxxxx|xxx....xxx|xxx..H.xxx|
|xx$.....xx|xWWWWWx..x|x.X...H..x|xXX....X.x|x........x|xXXx.....x|xX..$....x|x....H...x|
|xxx......x|xWWWWWx...|x.....H.$x|....m....x|xX..H....x|..........|....XX....|.....H....|
|xx.......x|x$WWW.....|xXX.XXxXxx|..xXXXX.Xx|x...H..Xxx|..........|..........|...m......|
|xx.O.m...x|xxxxxxx...|x........x|.........x|x...H....x|...OWWXxx.|.xXXXXXXx.|..III$III.|
|xx.xxxx..x|xxX......$|xI.......x|...m$...Xx|x$.XxX.Xxx|..XxWWxXx.|.xW.....x.|.....I....|
|x......IIx|xx.....IIx|xxI....Ixx|xIIXXIIx.x|xII....IIx|xXxxW$xxXx|xxxIIIIIxx|x........x|
|xxx....xxx|xxx....xxx|xxxIIIIxxx|xxxxxxxxxx|xxx....xxx|xxxxIIxxxx|xxxxxxxxxx|xxx....xxx|
+----------+----------+----------+----------+----------+----------+----------+----------+
|xxxxxxxxxx|xxxxxxxxxx|xxx....xxx|xxx....xxx|xxx....xxx|xxxxxxxxxx|xxx....xxx|xxx..H.xxx|
|xxxx..xx$x|x$.....xxx|x.X...H..x|xXX....X.x|x........x|xXXxx$X..x|xXX....X.x|x....H...x|
|xx.X....xx|xx......XX|x.....H.$x|...b..$..x|xX..H..b.x|....XX....|..........|.....H....|
|xx.....Xxx|x.m.b.....|x.....H.xx|...XXXX.Xx|x...H..Xxx|..........|...$..m...|..........|
|xx.$Om..Xx|xxxxx.....|x...O....x|.........x|xX..H....x|....O.m...|.xXxxxxXx.|..I$..m.I.|
|xx.xxxx..x|x$Xx......|xI.xXXx..x|........Xx|x..X.X.XXx|..XxxxxX..|.x......x.|...xxxxx..|
|x......IIx|xx.....IIx|xxI....Ixx|xIIXXIIx.x|xII.I..IIx|xXxx..xxXx|xxxIIIIIxx|x........x|
|xxx....xxx|xxx....xxx|xxxIIIIxxx|xxxxxxxxxx|xxx....xxx|xxxxIIxxxx|xxxxxxxxxx|xxx....xxx|
+----------+----------+----------+----------+----------+----------+----------+----------+
|xxxxxxxxxx|xxxxxxxxxx|xxxxxxxxxx|xxxxxxxxxx|xxxxxxxxxx|xxxxxxxxxx|xxxxxxxxxx|xxxxxxxxxx|
|xxxx..xxxx|x.....xxxx|xx$......x|xX.....X.x|x..x.....x|xXXxxxXx.x|xXX...xX.x|xxx.b....x|
|xx.X...$xx|x.....xxXX|xxxx.m...x|....m.$..x|x$.xH....x|..X....X..|..........|.x..XHXXXx|
|xx.....Xxx|x$.....X..|x....xxxxx|X..Xxxx.Xx|xxxxH..XXx|..........|.O..m..$..|.X...H....|
|xx...m..Xx|xxxxx.....|xx.m......|x..X.....x|xX..H....x|..X.$..X..|.xXXxxxXx.|.....H....|
|xx.xxxx..x|xxXxX.....|x..XXXX...|x.......Xx|x..X.X...x|..XxxxxX..|.x......x.|...xxxxx..|
|x......IIx|xx.....IIx|x........x|xIIXXIIx.x|xII.I..IIx|xXxx..xxXx|xxxIIIIIxx|x..x$..O.x|
|xxx....xxx|xxx....xxx|xxxIIIIxxx|xxxxxxxxxx|xxx....xxx|xxxxIIxxxx|xxxxxxxxxx|xIIxxxxxIx|
+----------+----------+----------+----------+----------+----------+----------+----------+
|xxxxxxxxxx|xxxxxxxxxx|xxxxxxxxxx|xxxxxxxxxx|xxxxxxxxxx|xxxxxxxxxx|xxxxxxxxxx|xxxxxxxxxx|
|xWWWWWWWxx|xX....xxxx|xxXX....Xx|xX....XXXx|xXX.....Xx|xXXxxxXx.x|xXX...xX.x|xxx......x|
|xWWWWWWWxx|xx..B...XX|xx......Xx|.......XXx|xX......Xx|..X....X..|..........|.x......Hx|
|xWWWWWWWxx|x$......X.|x..$.....x|X.m.....Xx|x..$.m...x|..........|.O..m...$.|.X......H.|
|xWWWWWWW$x|xxxxxxx.X.|xx.xWWWx.x|x.xxxxx.$x|xX.xxxxx.x|..$.m..b..|.xXxxxxXx.|...m....H.|
|xxxxxxWxxx|xxXxX.....|x..xxxxx..|x.......Xx|x..X.X...x|..XxxxxX..|.x......x.|X..xxxxxx.|
|x......IIx|xxXXX..IIx|x........x|xIIXXIIx.x|xII.I..IIx|xXxx..xxXx|xxxIIIIIxx|x..x$..O.x|
|xxx....xxx|xxx....xxx|xxxIIIIxxx|xxxxxxxxxx|xxx....xxx|xxxxIIxxxx|xxxxxxxxxx|xIIxxxxxIx|
+----------+----------+----------+----------+----------+----------+----------+----------+
|xxxxxxxxxx|xxxxxxxxxx|xxxxxxxxxx|xxxxxxxxxx|xxxxxxxxxx|xxxxxxxxxx|xxxxxxxxxx|xxxxxxxxxx|
|xxxxXXXxxx|xXX...xxxx|xxXX....Xx|xX.....XXx|xXX.....Xx|xXXxxxXx.x|xXX...xX.x|xxx......x|
|x$......xx|xx......XX|xx......Xx|........Xx|xX......Xx|..X....X..|..........|.x....$..x|
|x..x....xx|x$......X.|x........x|X...m....x|x........x|..........|.O..m...$.|.X........|
|xWWx.....x|xxxxxxx.X.|xX.$.....x|x.xxxxx..x|xX..$..m.x|..$.......|.xxxxxx...|...m......|
|xWWxxxxx.x|xxXxX.....|x..xxxx...|x.xXXXx..x|x..xxxxx.x|..X....O..|.x........|X..xxxxxx.|
|xWWx.....x|xxXXX..IIx|xIxxxxxxIx|xIx$..m..x|xII.....Ix|xXxx..xxXx|xxxIIIIIxx|x..x$..O.x|
|xxxx...xxx|xxx....xxx|xxxxxxxxxx|xxxxxxxxxx|xxx....xxx|xxxxIIxxxx|xxxxxxxxxx|xIIxxxxxIx|
+----------+----------+----------+----------+----------+----------+----------+----------+
|xxxxxxxxxx|xxxxxxxxxx|xxxxxxxxxx|xxxxxxxxxx|xxxxxxxxxx|..........|.......$..|..........|
|x.....Xxxx|xXX......$|xxXX......|xX$...XXXx|x$........|.....$....|..........|.......$..|
|x.B.....xx|xx...B....|xx...$....|.......XXx|x...B.....|..........|....$.....|..b.......|
|x.......xx|x.........|x.........|........Xx|x......$..|..........|.O.m..b...|..X.......|
|xx........|x.........|xX........|....xxx..x|xX........|..........|.xxxxxx...|..........|
|xxxx......|x.........|x.........|....XXx.Xx|x.........|..........|..........|...xxIIIx.|
|xxxxxx.m..|x......IIx|x.....m..x|xI.......x|xII.....Ix|...X...X..|xxxIIIIIxx|...x$xxxxx|
|xxxxxxxxxx|xxx....xxx|xxxxxxxxxx|xxx......x|xxx....xxx|xxxxIIIxxx|xxxxxxxxxx|xIIxxxxxxx|
+----------+----------+----------+----------+----------+----------+----------+----------+
|xx......xx|xx...xxxxx|x...H.xxxx|xxxx....xx|xxxx....xx|x........x|xxx....xxx|xx.....xxx|
|x........x|xx...xXxXx|x..xH....x|x........x|x$.......x|x........x|xxx....xxx|xx.....xxx|
|x........x|xx.......X|x..xH....x|x........X|x.......$x|X........x|xxx....xXx|xx.....xxx|
|x$.......x|x.........|x..xXXx..x|.........x|xWx.....Xx|..........|..X.......|.......X..|
|xXWWWXWWWx|x.........|x.....x..x|.$.......x|xWX......x|.......m..|..........|..........|
|xXWWWWWW$x|x......m.O|x.....x..x|XXX......x|xWX......x|Xx.....xxX|XXX....XXX|X.I....I.X|
|xXIIIIIWxx|x..m..xxxx|x.....xIIx|xII..IIIIx|xWXIIIIIxx|x........x|xxx....xxx|xxxI..Ixxx|
|xxxxxxxxxx|xxxxxxxxxx|xIIIIIxxxx|xxxxxxxxxx|xxxxxxxxxx|xxxIIIIxxx|xxxxIIIxxx|xxxxIIxxxx|
+----------+----------+----------+----------+----------+----------+----------+----------+
|xx......xx|xx.......x|x.....xxxx|xx......xx|xx......xx|x........x|xx.....xxx|xx......xx|
|xWWWXWWWWx|xx.......x|x........x|x........x|x........x|x....B...x|xx......xx|xx......xx|
|xWWWWWWWWx|xx.......X|x........x|x........x|x.......$x|Xx.I...I.x|xx.......x|xx......xx|
|x$WWWWWWWx|x.........|x........x|x........x|xx......Xx|xWWWWWWWWx|..........|..........|
|xXWWWWWWWx|x.........|x........x|xIIW..WIIx|xx...X...x|xWWWWWWWWx|..........|..........|
|xXWWWWWW$x|xWWWWWWWWO|x.....$..x|xxIIWWIIxx|xxWWWxWWWx|XWWWWWWWWx|XXWWWWWWWX|XWIWWWWIWX|
|xXIIIII.xx|xWWWWWWWWx|x.....xIIx|xxxIIIIxxx|xxIIIIIIxx|xWWWWWWWWx|xxWWWWWWWx|xxxIWWIxxx|
|xxxxxxxxxx|xxxxxxxxxx|xIIIIIxxxx|xxxxxxxxxx|xxxxxxxxxx|xxxIIIIxxx|xxxxIIIxxx|xxxxxxxxxx|
+----------+----------+----------+----------+----------+----------+----------+----------+
